E4_sa                                S 0.756/0.736/0.689 | E 0.630/0.503 | gapE 0.94/0.62/0.51/0.33/0.22 | 1.5-2.5 seeds [0.29, 0.304, 0.319] | bias +0.40s | crop25 E 0.514 slope 0.56 | crop50 E 0.599 slope 0.71
EB_f05                               S 0.717/0.724/0.687 | E 0.539/0.525 | gapE 0.92/0.62/0.44/0.30/0.20 | 1.5-2.5 seeds [0.341, 0.268, 0.275] | bias +0.40s | crop25 E 0.514 slope 0.53 | crop50 E 0.567 slope 0.71
EB_f05@entry_bnd                     S 0.691/0.703/0.687 | E 0.465/0.528 | gapE 0.89/0.62/0.35/0.26/0.16 | 1.5-2.5 seeds [0.225, 0.21, 0.174] | bias +0.33s | crop25 E 0.503 slope 0.48 | crop50 E 0.496 slope 0.69
EB_f05@entry_v8                      S 0.735/0.719/0.681 | E 0.592/0.507 | gapE 0.89/0.62/0.46/0.38/0.16 | 1.5-2.5 seeds [0.384, 0.355, 0.261] | bias +0.40s | crop25 E 0.496 slope 0.53 | crop50 E 0.578 slope 0.70
EB_f1                                S 0.725/0.714/0.689 | E 0.553/0.525 | gapE 0.90/0.67/0.40/0.31/0.20 | 1.5-2.5 seeds [0.312, 0.246, 0.268] | bias +0.30s | crop25 E 0.525 slope 0.51 | crop50 E 0.556 slope 0.76
EB_f1@entry_bnd                      S 0.700/0.707/0.689 | E 0.479/0.518 | gapE 0.90/0.62/0.35/0.29/0.20 | 1.5-2.5 seeds [0.239, 0.21, 0.232] | bias +0.23s | crop25 E 0.539 slope 0.52 | crop50 E 0.532 slope 0.73
EB_f1@entry_v8                       S 0.747/0.708/0.647 | E 0.606/0.408 | gapE 0.72/0.55/0.46/0.43/0.20 | 1.5-2.5 seeds [0.442, 0.326, 0.355] | bias +0.30s | crop25 E 0.486 slope 0.60 | crop50 E 0.563 slope 0.72
EB_g                                 S 0.732/0.720/0.688 | E 0.588/0.525 | gapE 0.94/0.62/0.47/0.37/0.16 | 1.5-2.5 seeds [0.391, 0.312, 0.261] | bias +0.30s | crop25 E 0.514 slope 0.57 | crop50 E 0.595 slope 0.72
EB_g@entry_bnd                       S 0.693/0.697/0.693 | E 0.479/0.539 | gapE 0.89/0.57/0.42/0.29/0.13 | 1.5-2.5 seeds [0.268, 0.203, 0.239] | bias +0.30s | crop25 E 0.535 slope 0.53 | crop50 E 0.511 slope 0.69
EB_g@entry_v8                        S 0.730/0.722/0.684 | E 0.581/0.511 | gapE 0.91/0.61/0.49/0.34/0.13 | 1.5-2.5 seeds [0.406, 0.348, 0.268] | bias +0.40s | crop25 E 0.521 slope 0.57 | crop50 E 0.599 slope 0.74
OB_B                                 S 0.749/0.743/0.693 | E 0.627/0.503 | gapE 0.91/0.65/0.51/0.36/0.16 | 1.5-2.5 seeds [0.348, 0.268, 0.283] | bias +0.33s | crop25 E 0.535 slope 0.56 | crop50 E 0.581 slope 0.71
OB_C                                 S 0.747/0.737/0.696 | E 0.599/0.521 | gapE 0.94/0.60/0.51/0.40/0.16 | 1.5-2.5 seeds [0.391, 0.275, 0.362] | bias +0.40s | crop25 E 0.486 slope 0.46 | crop50 E 0.595 slope 0.70
OB_C@entry_obj                       S 0.659/0.660/0.664 | E 0.345/0.433 | gapE 0.74/0.40/0.33/0.19/0.04 | 1.5-2.5 seeds [0.21, 0.217, 0.145] | bias +0.27s | crop25 E 0.465 slope 0.38 | crop50 E 0.440 slope 0.59
OB_C@entry_v8                        S 0.750/0.729/0.686 | E 0.609/0.493 | gapE 0.94/0.58/0.48/0.40/0.16 | 1.5-2.5 seeds [0.37, 0.261, 0.391] | bias +0.40s | crop25 E 0.479 slope 0.48 | crop50 E 0.599 slope 0.71
OB_D                                 S 0.754/0.739/0.704 | E 0.627/0.553 | gapE 0.94/0.65/0.52/0.41/0.20 | 1.5-2.5 seeds [0.399, 0.348, 0.341] | bias +0.27s | crop25 E 0.532 slope 0.59 | crop50 E 0.606 slope 0.72
OB_D@entry_obj                       S 0.693/0.689/0.683 | E 0.447/0.482 | gapE 0.80/0.55/0.37/0.22/0.09 | 1.5-2.5 seeds [0.232, 0.203, 0.203] | bias +0.40s | crop25 E 0.493 slope 0.47 | crop50 E 0.486 slope 0.65
OB_D@entry_v8                        S 0.741/0.724/0.691 | E 0.595/0.518 | gapE 0.90/0.60/0.49/0.37/0.24 | 1.5-2.5 seeds [0.355, 0.319, 0.319] | bias +0.30s | crop25 E 0.514 slope 0.58 | crop50 E 0.599 slope 0.71
OB_E                                 S 0.737/0.733/0.699 | E 0.599/0.553 | gapE 0.92/0.66/0.48/0.41/0.27 | 1.5-2.5 seeds [0.341, 0.304, 0.326] | bias +0.40s | crop25 E 0.528 slope 0.53 | crop50 E 0.570 slope 0.73
OB_E@entry_obj                       S 0.681/0.675/0.684 | E 0.437/0.507 | gapE 0.81/0.53/0.40/0.23/0.09 | 1.5-2.5 seeds [0.203, 0.217, 0.188] | bias +0.40s | crop25 E 0.496 slope 0.43 | crop50 E 0.489 slope 0.67
OB_E@entry_bnd                       S 0.686/0.693/0.680 | E 0.458/0.500 | gapE 0.85/0.57/0.37/0.24/0.22 | 1.5-2.5 seeds [0.196, 0.188, 0.246] | bias +0.36s | crop25 E 0.507 slope 0.38 | crop50 E 0.482 slope 0.71
