E4_sa+E2_sa+XN4_sa+D5H@s012t@tta0.25 S 0.786/0.767/0.721/0.756/0.740/0.762 | E 0.690/0.651/0.560/0.637/0.553/0.662 | C 0.852/0.828/0.799/0.828/0.863/0.820 | bias +0.30s
E4_sa+E2_sa+XN4_sa+D5H@s012t@tta0.5  S 0.784/0.756/0.707/0.758/0.748/0.753 | E 0.690/0.627/0.525/0.648/0.585/0.634 | C 0.849/0.820/0.796/0.824/0.856/0.820 | bias +0.27s
E4_sa+E2_sa+XN4_sa+D5H@s012t@tta0.75 S 0.771/0.745/0.688/0.763/0.760/0.727 | E 0.655/0.581/0.482/0.658/0.620/0.574 | C 0.845/0.835/0.782/0.828/0.856/0.806 | bias +0.20s
E4_sa+E2_sa+XN4_sa+D5H@s012t         S 0.775/0.764/0.722 | E 0.662/0.563 | gapE 0.97/0.69/0.54/0.43/0.22 | 1.5-2.5 seeds [0.514, 0.348, 0.413] | bias +0.40s | crop25 E 0.532 slope 0.57 | crop50 E 0.609 slope 0.76
E4_sa+E2_sa+XN4_sa@s012t@tta0.25     S 0.775/0.747/0.708/0.757/0.741/0.755 | E 0.665/0.592/0.525/0.634/0.553/0.641 | C 0.849/0.835/0.806/0.828/0.863/0.820 | bias +0.30s
E4_sa+E2_sa+XN4_sa@s012t@tta0.5      S 0.777/0.743/0.696/0.762/0.749/0.741 | E 0.662/0.588/0.489/0.644/0.585/0.606 | C 0.856/0.828/0.806/0.831/0.856/0.817 | bias +0.27s
E4_sa+E2_sa+XN4_sa@s012t@tta0.75     S 0.753/0.725/0.655/0.760/0.769/0.692 | E 0.609/0.532/0.391/0.630/0.641/0.482 | C 0.842/0.831/0.789/0.838/0.856/0.799 | bias +0.20s
E4_sa+E2_sa+XN4_sa@s012t             S 0.764/0.750/0.710 | E 0.641/0.539 | gapE 0.95/0.63/0.51/0.43/0.20 | 1.5-2.5 seeds [0.471, 0.348, 0.355] | bias +0.33s | crop25 E 0.525 slope 0.58 | crop50 E 0.620 slope 0.76
EVAL_DONE
E4_sa+E2_sa+XN4_sa+D5H@s012g@tta0.25g64 S 0.787/0.764/0.722/0.755/0.735/0.766 | E 0.694/0.648/0.560/0.634/0.532/0.665 | C 0.852/0.824/0.803/0.828/0.870/0.828 | bias +0.33s
E4_sa+E2_sa+XN4_sa+D5H@s012g@tta0.25g96 S 0.787/0.768/0.722/0.747/0.735/0.766 | E 0.694/0.655/0.560/0.613/0.532/0.665 | C 0.852/0.828/0.803/0.828/0.870/0.828 | bias +0.33s
E4_sa+E2_sa+XN4_sa+D5H@s012g@tta0.25g128 S 0.787/0.768/0.722/0.747/0.735/0.766 | E 0.694/0.655/0.560/0.613/0.532/0.665 | C 0.852/0.828/0.803/0.828/0.870/0.828 | bias +0.33s
E4_sa+E2_sa+XN4_sa+D5H@s012g@tta0.5g64 S 0.787/0.755/0.715/0.756/0.740/0.766 | E 0.697/0.627/0.539/0.644/0.546/0.665 | C 0.849/0.817/0.803/0.820/0.870/0.828 | bias +0.30s
E4_sa+E2_sa+XN4_sa+D5H@s012g@tta0.5g96 S 0.787/0.755/0.715/0.749/0.741/0.766 | E 0.697/0.627/0.539/0.623/0.549/0.665 | C 0.849/0.817/0.803/0.820/0.870/0.828 | bias +0.30s
E4_sa+E2_sa+XN4_sa+D5H@s012g@tta0.5g128 S 0.787/0.757/0.716/0.749/0.741/0.766 | E 0.697/0.634/0.542/0.623/0.549/0.665 | C 0.849/0.817/0.803/0.820/0.870/0.828 | bias +0.30s
E4_sa+E2_sa+XN4_sa@s012g@tta0.25g64  S 0.775/0.746/0.706/0.756/0.733/0.754 | E 0.669/0.592/0.525/0.630/0.532/0.637 | C 0.845/0.831/0.799/0.828/0.863/0.820 | bias +0.30s
E4_sa+E2_sa+XN4_sa@s012g@tta0.25g96  S 0.775/0.748/0.706/0.750/0.733/0.754 | E 0.669/0.599/0.525/0.616/0.532/0.637 | C 0.845/0.831/0.799/0.824/0.863/0.820 | bias +0.30s
E4_sa+E2_sa+XN4_sa@s012g@tta0.25g128 S 0.775/0.750/0.707/0.750/0.733/0.754 | E 0.669/0.602/0.528/0.616/0.532/0.637 | C 0.845/0.831/0.799/0.824/0.863/0.820 | bias +0.30s
E4_sa+E2_sa+XN4_sa@s012g@tta0.5g64   S 0.779/0.746/0.698/0.761/0.737/0.754 | E 0.672/0.599/0.503/0.644/0.542/0.637 | C 0.852/0.824/0.799/0.828/0.863/0.820 | bias +0.30s
E4_sa+E2_sa+XN4_sa@s012g@tta0.5g96   S 0.779/0.746/0.698/0.752/0.738/0.754 | E 0.672/0.595/0.503/0.623/0.546/0.637 | C 0.852/0.828/0.799/0.824/0.863/0.820 | bias +0.30s
E4_sa+E2_sa+XN4_sa@s012g@tta0.5g128  S 0.779/0.747/0.699/0.752/0.738/0.754 | E 0.672/0.599/0.507/0.623/0.546/0.637 | C 0.852/0.828/0.799/0.824/0.863/0.820 | bias +0.30s
EVAL_DONE2
