KDe2@s0                              S 0.754/0.711/0.656 | E 0.630/0.472 | gapE 0.93/0.58/0.46/0.39/0.20 | 1.5-2.5 seeds [0.391] | bias +0.20s | crop25 E 0.507 slope 0.53 | crop50 E 0.616 slope 0.71
KDe05@s0                             S 0.737/0.703/0.657 | E 0.599/0.458 | gapE 0.87/0.57/0.49/0.32/0.18 | 1.5-2.5 seeds [0.319] | bias +0.27s | crop25 E 0.518 slope 0.49 | crop50 E 0.588 slope 0.70
FG@s0                                S 0.751/0.734/0.671 | E 0.609/0.489 | gapE 0.92/0.55/0.54/0.39/0.20 | 1.5-2.5 seeds [0.391] | bias +0.20s | crop25 E 0.511 slope 0.56 | crop50 E 0.588 slope 0.72
FGk@s0                               S 0.750/0.723/0.657 | E 0.623/0.454 | gapE 0.89/0.56/0.46/0.41/0.20 | 1.5-2.5 seeds [0.413] | bias +0.27s | crop25 E 0.542 slope 0.56 | crop50 E 0.627 slope 0.76
K2e@s0                               S 0.745/0.710/0.661 | E 0.630/0.472 | gapE 0.89/0.53/0.52/0.41/0.20 | 1.5-2.5 seeds [0.413] | bias +0.27s | crop25 E 0.511 slope 0.48 | crop50 E 0.599 slope 0.72
K2ea@s0                              S 0.747/0.715/0.656 | E 0.620/0.461 | gapE 0.90/0.60/0.45/0.38/0.20 | 1.5-2.5 seeds [0.384] | bias +0.33s | crop25 E 0.521 slope 0.55 | crop50 E 0.616 slope 0.73
AUX@s0                               S 0.742/0.715/0.676 | E 0.613/0.521 | gapE 0.90/0.60/0.53/0.35/0.16 | 1.5-2.5 seeds [0.355] | bias +0.40s | crop25 E 0.475 slope 0.51 | crop50 E 0.588 slope 0.71
AUXk@s0                              S 0.740/0.719/0.657 | E 0.606/0.444 | gapE 0.84/0.57/0.48/0.44/0.09 | 1.5-2.5 seeds [0.442] | bias +0.20s | crop25 E 0.556 slope 0.53 | crop50 E 0.616 slope 0.72
FGa@s0                               S 0.742/0.721/0.690 | E 0.588/0.507 | gapE 0.93/0.61/0.46/0.33/0.16 | 1.5-2.5 seeds [0.333] | bias +0.20s | crop25 E 0.458 slope 0.43 | crop50 E 0.595 slope 0.74
FGak@s0                              S 0.759/0.715/0.647 | E 0.623/0.451 | gapE 0.86/0.61/0.42/0.38/0.22 | 1.5-2.5 seeds [0.384] | bias +0.20s | crop25 E 0.514 slope 0.52 | crop50 E 0.609 slope 0.74
FG_E2@s0                             S 0.723/0.708/0.668 | E 0.570/0.479 | gapE 0.86/0.58/0.45/0.35/0.18 | 1.5-2.5 seeds [0.355] | bias +0.30s | crop25 E 0.482 slope 0.50 | crop50 E 0.556 slope 0.73
FG+FG_E2+XN4_sa@s0                   S 0.764/0.747/0.703 | E 0.627/0.525 | gapE 0.92/0.56/0.53/0.49/0.18 | 1.5-2.5 seeds [0.486] | bias +0.27s | crop25 E 0.525 slope 0.54 | crop50 E 0.595 slope 0.73
FG+FGa+FGak+FG_E2+XN4_sa@s0          S 0.770/0.755/0.695 | E 0.641/0.507 | gapE 0.94/0.62/0.51/0.44/0.13 | 1.5-2.5 seeds [0.442] | bias +0.27s | crop25 E 0.511 slope 0.56 | crop50 E 0.606 slope 0.75
FG+FGa+FGak+FG_E2+XN4_sa+KDe@s0      S 0.771/0.753/0.694 | E 0.634/0.514 | gapE 0.92/0.62/0.51/0.44/0.13 | 1.5-2.5 seeds [0.442] | bias +0.27s | crop25 E 0.503 slope 0.53 | crop50 E 0.620 slope 0.75
FG@s012                              S 0.759/0.740/0.692 | E 0.630/0.518 | gapE 0.90/0.65/0.50/0.39/0.20 | 1.5-2.5 seeds [0.391, 0.333, 0.275] | bias +0.33s | crop25 E 0.503 slope 0.60 | crop50 E 0.595 slope 0.76
FG2_E2@s0                            S 0.762/0.718/0.685 | E 0.616/0.507 | gapE 0.88/0.62/0.49/0.38/0.09 | 1.5-2.5 seeds [0.384] | bias +0.40s | crop25 E 0.486 slope 0.51 | crop50 E 0.602 slope 0.74
FG2@s0                               S 0.749/0.714/0.682 | E 0.620/0.521 | gapE 0.90/0.62/0.47/0.49/0.13 | 1.5-2.5 seeds [0.486] | bias +0.20s | crop25 E 0.535 slope 0.58 | crop50 E 0.634 slope 0.76
FG+FG_E2+XN4_sa@s01                  S 0.760/0.746/0.705 | E 0.613/0.532 | gapE 0.92/0.63/0.49/0.44/0.16 | 1.5-2.5 seeds [0.486, 0.42] | bias +0.33s | crop25 E 0.525 slope 0.59 | crop50 E 0.595 slope 0.76
FG+FG_E2+XN4_sa@s012                 S 0.764/0.755/0.707 | E 0.637/0.528 | gapE 0.94/0.66/0.50/0.41/0.22 | 1.5-2.5 seeds [0.486, 0.42, 0.312] | bias +0.33s | crop25 E 0.521 slope 0.60 | crop50 E 0.613 slope 0.77
FGh@s0                               S 0.748/0.734/0.687 | E 0.620/0.521 | gapE 0.92/0.65/0.50/0.38/0.16 | 1.5-2.5 seeds [0.384] | bias +0.27s | crop25 E 0.511 slope 0.44 | crop50 E 0.585 slope 0.70
K2e@s012                             S 0.756/0.729/0.686 | E 0.627/0.489 | gapE 0.88/0.60/0.49/0.42/0.20 | 1.5-2.5 seeds [0.413, 0.399, 0.362] | bias +0.30s | crop25 E 0.542 slope 0.59 | crop50 E 0.630 slope 0.71
K2e+E2_sa+XN4_sa@s012                S 0.758/0.745/0.706 | E 0.620/0.525 | gapE 0.94/0.61/0.50/0.42/0.20 | 1.5-2.5 seeds [0.5, 0.362, 0.377] | bias +0.40s | crop25 E 0.535 slope 0.59 | crop50 E 0.627 slope 0.75
FGk@s012                             S 0.772/0.744/0.699 | E 0.665/0.532 | gapE 0.93/0.66/0.50/0.45/0.20 | 1.5-2.5 seeds [0.413, 0.428, 0.377] | bias +0.30s | crop25 E 0.570 slope 0.59 | crop50 E 0.630 slope 0.78
FGk+FG_E2+XN4_sa@s012                S 0.763/0.748/0.714 | E 0.630/0.535 | gapE 0.95/0.63/0.47/0.45/0.22 | 1.5-2.5 seeds [0.471, 0.442, 0.319] | bias +0.33s | crop25 E 0.535 slope 0.61 | crop50 E 0.623 slope 0.77
FGk+E2_sa+XN4_sa@s012                S 0.764/0.751/0.704 | E 0.627/0.525 | gapE 0.95/0.62/0.48/0.44/0.20 | 1.5-2.5 seeds [0.471, 0.391, 0.384] | bias +0.33s | crop25 E 0.528 slope 0.59 | crop50 E 0.613 slope 0.77
AUX@s012                             S 0.752/0.741/0.695 | E 0.616/0.528 | gapE 0.92/0.68/0.50/0.35/0.24 | 1.5-2.5 seeds [0.355, 0.348, 0.391] | bias +0.40s | crop25 E 0.518 slope 0.56 | crop50 E 0.613 slope 0.76
FGk+E2_sa+XN4_sa@s01                 S 0.756/0.742/0.706 | E 0.620/0.525 | gapE 0.92/0.61/0.47/0.46/0.18 | 1.5-2.5 seeds [0.471, 0.391] | bias +0.30s | crop25 E 0.528 slope 0.56 | crop50 E 0.588 slope 0.77
FGk+E2_sa+XN4_sa@eFGk                S 0.777/0.750/0.706 | E 0.665/0.532 | gapE 0.93/0.66/0.50/0.45/0.20 | 1.5-2.5 seeds [0.413, 0.42, 0.377] | bias +0.30s | crop25 E 0.570 slope 0.62 | crop50 E 0.630 slope 0.78
FGk+E2_sa+XN4_sa@eFGk01              S 0.768/0.740/0.700 | E 0.655/0.514 | gapE 0.91/0.63/0.49/0.43/0.22 | 1.5-2.5 seeds [0.413, 0.42] | bias +0.30s | crop25 E 0.563 slope 0.63 | crop50 E 0.627 slope 0.79
FGk+KDe+E2_sa+XN4_sa@eFGkKDe         S 0.778/0.754/0.702 | E 0.665/0.535 | gapE 0.93/0.65/0.51/0.48/0.22 | 1.5-2.5 seeds [0.471, 0.449, 0.391] | bias +0.30s | crop25 E 0.556 slope 0.59 | crop50 E 0.613 slope 0.77
FGk+KDe+E2_sa+XN4_sa@eFGkKDe01       S 0.772/0.738/0.709 | E 0.651/0.525 | gapE 0.90/0.64/0.49/0.44/0.20 | 1.5-2.5 seeds [0.471, 0.449] | bias +0.27s | crop25 E 0.539 slope 0.60 | crop50 E 0.613 slope 0.76
KDn@s012                             S 0.744/0.728/0.682 | E 0.627/0.521 | gapE 0.93/0.60/0.49/0.43/0.20 | 1.5-2.5 seeds [0.391, 0.348, 0.449] | bias +0.27s | crop25 E 0.549 slope 0.62 | crop50 E 0.641 slope 0.77
KDn+E2_sa+XN4_sa@s012                S 0.767/0.744/0.700 | E 0.644/0.518 | gapE 0.94/0.62/0.50/0.46/0.18 | 1.5-2.5 seeds [0.457, 0.384, 0.399] | bias +0.33s | crop25 E 0.542 slope 0.58 | crop50 E 0.630 slope 0.76
KDc@s012                             S 0.754/0.734/0.685 | E 0.641/0.514 | gapE 0.92/0.63/0.50/0.44/0.24 | 1.5-2.5 seeds [0.42, 0.428, 0.377] | bias +0.23s | crop25 E 0.553 slope 0.61 | crop50 E 0.634 slope 0.78
KDc+E2_sa+XN4_sa@s012                S 0.764/0.744/0.706 | E 0.637/0.532 | gapE 0.95/0.62/0.50/0.45/0.20 | 1.5-2.5 seeds [0.493, 0.355, 0.377] | bias +0.33s | crop25 E 0.535 slope 0.60 | crop50 E 0.613 slope 0.77
FG2_E2@s012                          S 0.766/0.727/0.685 | E 0.634/0.521 | gapE 0.90/0.69/0.49/0.35/0.13 | 1.5-2.5 seeds [0.384, 0.312, 0.362] | bias +0.40s | crop25 E 0.500 slope 0.60 | crop50 E 0.599 slope 0.74
FG2@s012                             S 0.766/0.737/0.714 | E 0.630/0.553 | gapE 0.95/0.66/0.47/0.43/0.18 | 1.5-2.5 seeds [0.486, 0.348, 0.37] | bias +0.27s | crop25 E 0.535 slope 0.57 | crop50 E 0.627 slope 0.70
FG2+FG2_E2+XN4_sa@s012               S 0.779/0.760/0.716 | E 0.651/0.539 | gapE 0.96/0.65/0.51/0.44/0.18 | 1.5-2.5 seeds [0.493, 0.42, 0.355] | bias +0.30s | crop25 E 0.525 slope 0.58 | crop50 E 0.623 slope 0.74
KDe+FG2_E2+XN4_sa@s012               S 0.771/0.764/0.716 | E 0.637/0.539 | gapE 0.94/0.66/0.50/0.46/0.18 | 1.5-2.5 seeds [0.471, 0.428, 0.355] | bias +0.30s | crop25 E 0.549 slope 0.60 | crop50 E 0.630 slope 0.76
FG_XN4@s0                            S 0.748/0.708/0.655 | E 0.602/0.461 | gapE 0.88/0.51/0.47/0.46/0.18 | 1.5-2.5 seeds [0.457] | bias +0.27s | crop25 E 0.479 slope 0.58 | crop50 E 0.581 slope 0.72
FG+FG_E2+FG_XN4@s0                   S 0.750/0.747/0.697 | E 0.606/0.511 | gapE 0.94/0.55/0.51/0.47/0.18 | 1.5-2.5 seeds [0.471] | bias +0.27s | crop25 E 0.489 slope 0.59 | crop50 E 0.588 slope 0.73
KD3@s012                             S 0.762/0.735/0.692 | E 0.651/0.518 | gapE 0.92/0.61/0.53/0.41/0.18 | 1.5-2.5 seeds [0.362, 0.428, 0.348] | bias +0.30s | crop25 E 0.553 slope 0.55 | crop50 E 0.637 slope 0.75
KD3+E2_sa+XN4_sa@s012                S 0.762/0.752/0.717 | E 0.634/0.546 | gapE 0.94/0.63/0.51/0.43/0.22 | 1.5-2.5 seeds [0.471, 0.384, 0.384] | bias +0.33s | crop25 E 0.542 slope 0.60 | crop50 E 0.627 slope 0.75
FGk_E2@s012                          S 0.767/0.744/0.693 | E 0.644/0.507 | gapE 0.92/0.67/0.49/0.39/0.20 | 1.5-2.5 seeds [0.319, 0.435, 0.377] | bias +0.27s | crop25 E 0.549 slope 0.56 | crop50 E 0.620 slope 0.75
FGk+FGk_E2+XN4_sa@s012               S 0.773/0.756/0.715 | E 0.658/0.528 | gapE 0.94/0.66/0.50/0.44/0.22 | 1.5-2.5 seeds [0.457, 0.449, 0.37] | bias +0.33s | crop25 E 0.553 slope 0.62 | crop50 E 0.627 slope 0.75
FGk+FGk_E2+FGk_XN4@s01               S 0.771/0.738/0.704 | E 0.658/0.521 | gapE 0.90/0.64/0.50/0.47/0.18 | 1.5-2.5 seeds [0.435, 0.428] | bias +0.30s | crop25 E 0.570 slope 0.65 | crop50 E 0.644 slope 0.76
FGk_XN4@s012                         S 0.774/0.741/0.675 | E 0.651/0.496 | gapE 0.90/0.66/0.50/0.42/0.20 | 1.5-2.5 seeds [0.457, 0.377, 0.413] | bias +0.37s | crop25 E 0.588 slope 0.69 | crop50 E 0.641 slope 0.79
FGk+FGk_E2+FGk_XN4@s012              S 0.773/0.741/0.709 | E 0.669/0.521 | gapE 0.92/0.66/0.51/0.45/0.18 | 1.5-2.5 seeds [0.435, 0.428, 0.42] | bias +0.33s | crop25 E 0.581 slope 0.64 | crop50 E 0.641 slope 0.77
E4t@s012                             S 0.759/0.741/0.710 | E 0.644/0.539 | gapE 0.94/0.68/0.49/0.38/0.31 | 1.5-2.5 seeds [0.377, 0.246, 0.29] | bias +0.33s | crop25 E 0.503 slope 0.48 | crop50 E 0.616 slope 0.69
FG2t@s012                            S 0.747/0.737/0.702 | E 0.581/0.546 | gapE 0.94/0.62/0.49/0.41/0.11 | 1.5-2.5 seeds [0.428, 0.304, 0.297] | bias +0.40s | crop25 E 0.489 slope 0.47 | crop50 E 0.567 slope 0.73
E2t@s012                             S 0.741/0.730/0.706 | E 0.595/0.556 | gapE 0.96/0.65/0.51/0.35/0.24 | 1.5-2.5 seeds [0.319, 0.246, 0.406] | bias +0.47s | crop25 E 0.482 slope 0.48 | crop50 E 0.574 slope 0.69
KDt@s012                             S 0.751/0.741/0.692 | E 0.623/0.553 | gapE 0.94/0.65/0.53/0.37/0.29 | 1.5-2.5 seeds [0.391, 0.333, 0.333] | bias +0.40s | crop25 E 0.549 slope 0.62 | crop50 E 0.609 slope 0.73
E4t+E2t@s012                         S 0.753/0.741/0.706 | E 0.627/0.546 | gapE 0.96/0.67/0.50/0.35/0.24 | 1.5-2.5 seeds [0.384, 0.232, 0.37] | bias +0.40s | crop25 E 0.489 slope 0.50 | crop50 E 0.588 slope 0.68
E4t+E2t+FG2@s012                     S 0.761/0.758/0.704 | E 0.637/0.535 | gapE 0.97/0.67/0.52/0.37/0.24 | 1.5-2.5 seeds [0.413, 0.319, 0.37] | bias +0.40s | crop25 E 0.521 slope 0.54 | crop50 E 0.606 slope 0.70
E4t+E2t+FGk@s012                     S 0.760/0.744/0.706 | E 0.644/0.539 | gapE 0.96/0.68/0.50/0.38/0.22 | 1.5-2.5 seeds [0.399, 0.326, 0.37] | bias +0.40s | crop25 E 0.511 slope 0.51 | crop50 E 0.602 slope 0.71
E4c@s012                             S 0.735/0.732/0.705 | E 0.592/0.549 | gapE 0.96/0.65/0.51/0.29/0.24 | 1.5-2.5 seeds [0.333, 0.275, 0.254] | bias +0.40s | crop25 E 0.503 slope 0.52 | crop50 E 0.567 slope 0.70
E4tc@s012                            S 0.743/0.740/0.700 | E 0.602/0.549 | gapE 0.95/0.66/0.51/0.31/0.29 | 1.5-2.5 seeds [0.326, 0.29, 0.246] | bias +0.47s | crop25 E 0.472 slope 0.45 | crop50 E 0.599 slope 0.69
E4q@s012                             S 0.730/0.715/0.692 | E 0.588/0.521 | gapE 0.90/0.57/0.51/0.34/0.20 | 1.5-2.5 seeds [0.406, 0.254, 0.268] | bias +0.40s | crop25 E 0.489 slope 0.51 | crop50 E 0.585 slope 0.69
E4to@s012                            S 0.749/0.747/0.686 | E 0.616/0.532 | gapE 0.95/0.61/0.51/0.36/0.27 | 1.5-2.5 seeds [0.406, 0.261, 0.348] | bias +0.30s | crop25 E 0.486 slope 0.51 | crop50 E 0.588 slope 0.69
E4tB@s012                            S 0.746/0.755/0.716 | E 0.592/0.585 | gapE 0.94/0.65/0.50/0.48/0.20 | 1.5-2.5 seeds [0.362, 0.355, 0.341] | bias +0.30s | crop25 E 0.486 slope 0.46 | crop50 E 0.599 slope 0.74
E2tB@s012                            S 0.746/0.748/0.733 | E 0.613/0.613 | gapE 0.96/0.69/0.54/0.43/0.20 | 1.5-2.5 seeds [0.37, 0.326, 0.449] | bias +0.40s | crop25 E 0.496 slope 0.51 | crop50 E 0.592 slope 0.73
E4t+FG2+FGk+E4tB+E2tB@s012           S 0.776/0.776/0.730 | E 0.655/0.578 | gapE 0.97/0.70/0.55/0.45/0.20 | 1.5-2.5 seeds [0.471, 0.384, 0.428] | bias +0.33s | crop25 E 0.521 slope 0.54 | crop50 E 0.627 slope 0.72
E4t+FG2+FGk+E4tB+E2tB+E4_sbB+E2_sbB@s012 S 0.767/0.769/0.729 | E 0.641/0.592 | gapE 0.97/0.69/0.55/0.45/0.18 | 1.5-2.5 seeds [0.435, 0.399, 0.442] | bias +0.33s | crop25 E 0.511 slope 0.58 | crop50 E 0.613 slope 0.72
